mysql> select count(*) from students group by course_id limit 1;
+----------+
| count(*) |
+----------+
|        3 |
+----------+
1 row in set (0.00 sec)

mysql> select * from students group by course_id limit 1;
ERROR 1055 (42000): Expression #1 of SELECT list is not in GROUP BY clause and contains nonaggregated column 'pwcourses.students.id' which is not functionally dependent on columns in GROUP BY clause; this is incompatible with sql_mode=only_full_group_by
mysql> select * from students group by age limit 1;
ERROR 1055 (42000): Expression #1 of SELECT list is not in GROUP BY clause and contains nonaggregated column 'pwcourses.students.id' which is not functionally dependent on columns in GROUP BY clause; this is incompatible with sql_mode=only_full_group_by
mysql> select * from students group by age asc limit 1;
ERROR 1064 (42000): You have an error in your SQL syntax; check the manual that corresponds to your MySQL server version for the right syntax to use near 'asc limit 1' at line 1
mysql> select * from students group by age asc limit 1;
ERROR 1064 (42000): You have an error in your SQL syntax; check the manual that corresponds to your MySQL server version for the right syntax to use near 'asc limit 1' at line 1
mysql>
mysql>
mysql>
mysql> select * from students group by age asc limit 2;
ERROR 1064 (42000): You have an error in your SQL syntax; check the manual that corresponds to your MySQL server version for the right syntax to use near 'asc limit 2' at line 1
mysql> select * from students limit 1;
+------+-------+------+-----------+
| id   | name  | age  | course_id |
+------+-------+------+-----------+
|    1 | Vinay |   20 |         1 |
+------+-------+------+-----------+
1 row in set (0.00 sec)

mysql> select * from students limit 1 offset 1;
+------+--------+------+-----------+
| id   | name   | age  | course_id |
+------+--------+------+-----------+
|    2 | Vikash |   21 |         1 |
+------+--------+------+-----------+
1 row in set (0.00 sec)

mysql> desc instructors;
+--------+--------------+------+-----+---------+-------+
| Field  | Type         | Null | Key | Default | Extra |
+--------+--------------+------+-----+---------+-------+
| id     | int          | YES  |     | NULL    |       |
| name   | varchar(255) | YES  |     | NULL    |       |
| skilss | varchar(255) | YES  |     | NULL    |       |
+--------+--------------+------+-----+---------+-------+
3 rows in set (0.00 sec)

mysql> desc courses;
+---------------+--------------+------+-----+---------+-------+
| Field         | Type         | Null | Key | Default | Extra |
+---------------+--------------+------+-----+---------+-------+
| id            | int          | YES  |     | NULL    |       |
| course_name   | varchar(255) | YES  |     | NULL    |       |
| instructor_id | int          | YES  |     | NULL    |       |
+---------------+--------------+------+-----+---------+-------+
3 rows in set (0.00 sec)

mysql> desc students;
+-----------+--------------+------+-----+---------+-------+
| Field     | Type         | Null | Key | Default | Extra |
+-----------+--------------+------+-----+---------+-------+
| id        | int          | YES  |     | NULL    |       |
| name      | varchar(255) | YES  |     | NULL    |       |
| age       | int          | YES  |     | NULL    |       |
| course_id | int          | YES  |     | NULL    |       |
+-----------+--------------+------+-----+---------+-------+
4 rows in set (0.00 sec)

mysql> select * from instructors;
+------+---------+----------------+
| id   | name    | skilss         |
+------+---------+----------------+
|    1 | Navneet | [DSA,SQL,Node] |
+------+---------+----------------+
1 row in set (0.00 sec)

mysql> select * from courses;
+------+-----------------------+---------------+
| id   | course_name           | instructor_id |
+------+-----------------------+---------------+
|    1 | Full Stack Dev Course |             1 |
+------+-----------------------+---------------+
1 row in set (0.00 sec)

mysql> select * from students;
+------+---------+------+-----------+
| id   | name    | age  | course_id |
+------+---------+------+-----------+
|    1 | Vinay   |   20 |         1 |
|    2 | Vikash  |   21 |         1 |
|    3 | Vikaram |   22 |         1 |
+------+---------+------+-----------+
3 rows in set (0.00 sec)

mysql>